Microchip MPLAB XC8 Compiler V2.45

Linker command line:

-W-3 \
  --edf=C:\Program Files\Microchip\xc8\v2.45\pic\dat\20230818022343_en.msgs \
  -cn -h+dist/default/debug\PIC18F4620_DRIVERS.debug.sym \
  --cmf=dist/default/debug\PIC18F4620_DRIVERS.debug.cmf -z -Q18F4620 \
  -oC:\Users\YOUSEF~1\AppData\Local\Temp\xcAsquo.\driver_tmp_3.o \
  --defsym=__MPLAB_BUILD=1 --fixupoverflow=error \
  -Mdist/default/debug/PIC18F4620_DRIVERS.debug.map \
  --md=C:\Users\YOUSEF~1\AppData\Local\Temp\xcAsquo.\driver_tmp_0.dat -E1 \
  -ver=XC8 Compiler --acfsm=1493 -ACODE=00h-0FFFFh -ACONST=00h-0FFFFh \
  -ASMALLCONST=01000h-010FFhx240 -AMEDIUMCONST=01000h-0FFFFh \
  -ACOMRAM=01h-07Fh -AABS1=00h-0F7Fh -ABIGRAM=01h-0F7Fh \
  -ARAM=080h-0FFh,0100h-01FFhx14,0F00h-0F7Fh -ABANK0=080h-0FFh \
  -ABANK1=0100h-01FFh -ABANK2=0200h-02FFh -ABANK3=0300h-03FFh \
  -ABANK4=0400h-04FFh -ABANK5=0500h-05FFh -ABANK6=0600h-06FFh \
  -ABANK7=0700h-07FFh -ABANK8=0800h-08FFh -ABANK9=0900h-09FFh \
  -ABANK10=0A00h-0AFFh -ABANK11=0B00h-0BFFh -ABANK12=0C00h-0CFFh \
  -ABANK13=0D00h-0DFFh -ABANK14=0E00h-0EFFh -ABANK15=0F00h-0F7Fh \
  -ASFR=0F80h-0FFFh -ABIGSFR=0F80h-0FFFh -ACONFIG=0300000h-030000Dh \
  -AIDLOC=0200000h-0200007h -AEEDATA=0F00000h-0F003FFh -peeprom_data=EEDATA \
  -preset_vec=00h,intcode=08h,intcodelo,powerup,init -pramtop=01000h \
  -psmallconst=SMALLCONST -pmediumconst=MEDIUMCONST -pconst=CONST \
  -AFARRAM=00h-00h \
  -prdata=COMRAM,nvrram=COMRAM,nvbit=COMRAM,rbss=COMRAM,rbit=COMRAM \
  -pfarbss=FARRAM,fardata=FARRAM,nvFARRAM=FARRAM \
  -pintsave_regs=BIGRAM,bigbss=BIGRAM,bigdata=BIGRAM -pbss=RAM \
  -pidata=CODE,irdata=CODE,ibigdata=CODE,ifardata=CODE -prparam=COMRAM \
  C:\Users\YOUSEF~1\AppData\Local\Temp\xcAsquo.\driver_tmp_9.o \
  dist/default/debug\PIC18F4620_DRIVERS.debug.o 

Object code version is 3.11

Machine type is 18F4620



                Name                               Link     Load   Length Selector   Space Scale
C:\Users\YOUSEF~1\AppData\Local\Temp\xcAsquo.\driver_tmp_9.o
                config                           300000   300000        E        0       4
                init                                  E        E        4        4       0
                reset_vec                             0        0        4        0       0
dist/default/debug\PIC18F4620_DRIVERS.debug.o
                intcode                               8        8        6        4       0
                config                           300000   300000        E        0       4
                temp                                 4E       4E        1        1       1
                smallconst                         1000     1000       16      800       0
                text14                             13B0     13B0        4      80B       0
                text13                             13AC     13AC        4      80B       0
                text12                             13A8     13A8        4      80B       0
                text11                             112C     112C       82      80B       0
                text10                             11AE     11AE       66      80B       0
                text9                              1398     1398        A      80B       0
                text8                              131A     131A       2E      80B       0
                text7                              12EC     12EC       2E      80B       0
                text6                              12BE     12BE       2E      80B       0
                text5                              1290     1290       2E      80B       0
                intcode_body                       1016     1016      116      80B       0
                text3                              1214     1214       46      80B       0
                text2                              13B4     13B4        2      80B       0
                text1                              13A2     13A2        6      80B       0
                text0                              1348     1348       2A      80B       0
                cstackCOMRAM                         3C       3C       12        1       1
                dataCOMRAM                            1        1       26        1       1
                bssCOMRAM                            27       27       15        1       1
                cinit                              125A     125A       36      80B       0
                idataCOMRAM                        1372     1372       26      80B       0

TOTAL           Name                               Link     Load   Length     Space
        CLASS   CODE           
                intcode                               8        8        6         0
                init                                  E        E        4         0
                reset_vec                             0        0        4         0
                text14                             13B0     13B0        4         0
                text13                             13AC     13AC        4         0
                text12                             13A8     13A8        4         0
                text11                             112C     112C       82         0
                text10                             11AE     11AE       66         0
                text9                              1398     1398        A         0
                text8                              131A     131A       2E         0
                text7                              12EC     12EC       2E         0
                text6                              12BE     12BE       2E         0
                text5                              1290     1290       2E         0
                intcode_body                       1016     1016      116         0
                text3                              1214     1214       46         0
                text2                              13B4     13B4        2         0
                text1                              13A2     13A2        6         0
                text0                              1348     1348       2A         0
                cinit                              125A     125A       36         0
                idataCOMRAM                        1372     1372       26         0

        CLASS   CONST          

        CLASS   SMALLCONST     
                smallconst                         1000     1000       16         0

        CLASS   MEDIUMCONST    

        CLASS   COMRAM         
                temp                                 4E       4E        1         1
                cstackCOMRAM                         3C       3C       12         1
                dataCOMRAM                            1        1       26         1
                bssCOMRAM                            27       27       15         1

        CLASS   ABS1           

        CLASS   BIGRAM         

        CLASS   RAM            

        CLASS   BANK0          

        CLASS   BANK1          

        CLASS   BANK2          

        CLASS   BANK3          

        CLASS   BANK4          

        CLASS   BANK5          

        CLASS   BANK6          

        CLASS   BANK7          

        CLASS   BANK8          

        CLASS   BANK9          

        CLASS   BANK10         

        CLASS   BANK11         

        CLASS   BANK12         

        CLASS   BANK13         

        CLASS   BANK14         

        CLASS   BANK15         

        CLASS   SFR            

        CLASS   BIGSFR         

        CLASS   CONFIG         
                config                           300000   300000        E         4

        CLASS   IDLOC          

        CLASS   EEDATA         

        CLASS   FARRAM         

        CLASS   HEAP           

        CLASS   STACK          



SEGMENTS        Name                           Load    Length   Top    Selector   Space  Class

                reset_vec                      000000  000004  000004         0       0  CODE    
                dataCOMRAM                     000001  00004E  00004F         1       1  COMRAM  
                intcode                        000008  00000A  000012         4       0  CODE    
                smallconst                     001000  000016  001016       800       0  SMALLCON
                intcode_body                   001016  0003A0  0013B6       80B       0  CODE    


UNUSED ADDRESS RANGES

        Name                Unused          Largest block    Delta
        BANK0            000080-0000FF               80
        BANK1            000100-0001FF              100
        BANK10           000A00-000AFF              100
        BANK11           000B00-000BFF              100
        BANK12           000C00-000CFF              100
        BANK13           000D00-000DFF              100
        BANK14           000E00-000EFF              100
        BANK15           000F00-000F7F               80
        BANK2            000200-0002FF              100
        BANK3            000300-0003FF              100
        BANK4            000400-0004FF              100
        BANK5            000500-0005FF              100
        BANK6            000600-0006FF              100
        BANK7            000700-0007FF              100
        BANK8            000800-0008FF              100
        BANK9            000900-0009FF              100
        BIGRAM           00004F-000F7F              F31
        BIGSFR           000F80-000FFF               80
        CODE             000004-000007                4
                         000012-000FFF              FEE
                         0013B6-00FFFF             EC4A
        COMRAM           00004F-00007F               31
        CONST            000004-000007                4
                         000012-000FFF              FEE
                         0013B6-00FFFF             EC4A
        EEDATA           F00000-F003FF              400
        IDLOC            200000-200007                8
        MEDIUMCONST      0013B6-00FFFF             EC4A
        RAM              000080-000F7F              100
        SFR              000F80-000FFF               80
        SMALLCONST       0013B6-00FFFF              100

                                  Symbol Table

Data_EEPROM_WriteByte@Global_Interrupt_Status cstackCOMRAM 00004D
Data_EEPROM_WriteByte@address                 cstackCOMRAM 00004A
Data_EEPROM_WriteByte@byte_of_data            cstackCOMRAM 00004C
_Data_EEPROM_WriteByte                        text3        001214
_EEADR                                        (abs)        000FA9
_EEADRH                                       (abs)        000FAA
_EECON1bits                                   (abs)        000FA6
_EECON2                                       (abs)        000FA7
_EEDATA                                       (abs)        000FA8
_INT0_ISR                                     text14       0013B0
_INT0_InterruptHandler                        bssCOMRAM    000033
_INT1_ISR                                     text13       0013AC
_INT1_InterruptHandler                        bssCOMRAM    000031
_INT2_ISR                                     text12       0013A8
_INT2_InterruptHandler                        bssCOMRAM    00002F
_INTCON2bits                                  (abs)        000FF1
_INTCON3bits                                  (abs)        000FF0
_INTCONbits                                   (abs)        000FF2
_InterruptManager                             intcode      000008
_LATA                                         (abs)        000F89
_LATB                                         (abs)        000F8A
_LATC                                         (abs)        000F8B
_LATD                                         (abs)        000F8C
_LATE                                         (abs)        000F8D
_PORTA                                        (abs)        000F80
_PORTB                                        (abs)        000F81
_PORTC                                        (abs)        000F82
_PORTD                                        (abs)        000F83
_PORTE                                        (abs)        000F84
_RB4_ISR                                      text8        00131A
_RB4_InterruptHandler                         bssCOMRAM    00002D
_RB5_ISR                                      text7        0012EC
_RB5_InterruptHandler                         bssCOMRAM    00002B
_RB6_ISR                                      text6        0012BE
_RB6_InterruptHandler                         bssCOMRAM    000029
_RB7_ISR                                      text5        001290
_RB7_InterruptHandler                         bssCOMRAM    000027
_TRISA                                        (abs)        000F92
_TRISB                                        (abs)        000F93
_TRISC                                        (abs)        000F94
_TRISD                                        (abs)        000F95
_TRISE                                        (abs)        000F96
__HRAM                                        (abs)        000000
__H__absolute__                               __absolute__ 000000
__Habs1                                       abs1         000000
__Hbank0                                      bank0        000000
__Hbank1                                      bank1        000000
__Hbank10                                     bank10       000000
__Hbank11                                     bank11       000000
__Hbank12                                     bank12       000000
__Hbank13                                     bank13       000000
__Hbank14                                     bank14       000000
__Hbank15                                     bank15       000000
__Hbank2                                      bank2        000000
__Hbank3                                      bank3        000000
__Hbank4                                      bank4        000000
__Hbank5                                      bank5        000000
__Hbank6                                      bank6        000000
__Hbank7                                      bank7        000000
__Hbank8                                      bank8        000000
__Hbank9                                      bank9        000000
__Hbigbss                                     bigbss       000000
__Hbigdata                                    bigdata      000000
__Hbigram                                     bigram       000000
__Hbigsfr                                     bigsfr       000000
__Hbss                                        bss          000000
__HbssCOMRAM                                  bssCOMRAM    000000
__Hcinit                                      cinit        000000
__Hclrtext                                    clrtext      000000
__Hcomram                                     comram       000000
__Hconfig                                     config       30000E
__Hconst                                      const        000000
__HcstackCOMRAM                               cstackCOMRAM 000000
__Hdata                                       data         000000
__HdataCOMRAM                                 dataCOMRAM   000000
__Heeprom_data                                eeprom_data  000000
__Hfarbss                                     farbss       000000
__Hfardata                                    fardata      000000
__Hheap                                       heap         000000
__Hibigdata                                   ibigdata     000000
__Hidata                                      idata        000000
__HidataCOMRAM                                idataCOMRAM  000000
__Hidloc                                      idloc        000000
__Hifardata                                   ifardata     000000
__Hinit                                       init         000012
__Hintcode                                    intcode      00000E
__Hintcode_body                               intcode_body 000000
__Hintcodelo                                  intcodelo    00000E
__Hintentry                                   intentry     000000
__Hintret                                     intret       000000
__Hintsave_regs                               intsave_regs 000000
__Hirdata                                     irdata       000000
__Hmediumconst                                mediumconst  000000
__HnvFARRAM                                   nvFARRAM     000000
__Hnvbit                                      nvbit        000000
__Hnvrram                                     nvrram       000000
__Hparam                                      rparam       000000
__Hpowerup                                    powerup      00000E
__Hram                                        ram          000000
__Hramtop                                     ramtop       001000
__Hrbit                                       rbit         000000
__Hrbss                                       rbss         000000
__Hrdata                                      rdata        000000
__Hreset_vec                                  reset_vec    000004
__Hrparam                                     rparam       000000
__Hsfr                                        sfr          000000
__Hsmallconst                                 smallconst   001016
__Hspace_0                                    (abs)        0013B6
__Hspace_1                                    (abs)        00004F
__Hspace_2                                    (abs)        000000
__Hspace_4                                    (abs)        60000E
__Hstack                                      stack        000000
__Hstruct                                     struct       000000
__Htemp                                       temp         00004F
__Htext                                       text         000000
__Htext0                                      text0        000000
__Htext1                                      text1        000000
__Htext10                                     text10       000000
__Htext11                                     text11       000000
__Htext12                                     text12       000000
__Htext13                                     text13       000000
__Htext14                                     text14       000000
__Htext15                                     text15       000000
__Htext2                                      text2        000000
__Htext3                                      text3        000000
__Htext5                                      text5        000000
__Htext6                                      text6        000000
__Htext7                                      text7        000000
__Htext8                                      text8        000000
__Htext9                                      text9        000000
__LRAM                                        (abs)        000001
__L__absolute__                               __absolute__ 000000
__Labs1                                       abs1         000000
__Lbank0                                      bank0        000000
__Lbank1                                      bank1        000000
__Lbank10                                     bank10       000000
__Lbank11                                     bank11       000000
__Lbank12                                     bank12       000000
__Lbank13                                     bank13       000000
__Lbank14                                     bank14       000000
__Lbank15                                     bank15       000000
__Lbank2                                      bank2        000000
__Lbank3                                      bank3        000000
__Lbank4                                      bank4        000000
__Lbank5                                      bank5        000000
__Lbank6                                      bank6        000000
__Lbank7                                      bank7        000000
__Lbank8                                      bank8        000000
__Lbank9                                      bank9        000000
__Lbigbss                                     bigbss       000000
__Lbigdata                                    bigdata      000000
__Lbigram                                     bigram       000000
__Lbigsfr                                     bigsfr       000000
__Lbss                                        bss          000000
__LbssCOMRAM                                  bssCOMRAM    000000
__Lcinit                                      cinit        000000
__Lclrtext                                    clrtext      000000
__Lcomram                                     comram       000000
__Lconfig                                     config       000000
__Lconst                                      const        000000
__LcstackCOMRAM                               cstackCOMRAM 000000
__Ldata                                       data         000000
__LdataCOMRAM                                 dataCOMRAM   000000
__Leeprom_data                                eeprom_data  000000
__Lfarbss                                     farbss       000000
__Lfardata                                    fardata      000000
__Lheap                                       heap         000000
__Libigdata                                   ibigdata     000000
__Lidata                                      idata        000000
__LidataCOMRAM                                idataCOMRAM  000000
__Lidloc                                      idloc        000000
__Lifardata                                   ifardata     000000
__Linit                                       init         00000E
__Lintcode                                    intcode      000008
__Lintcode_body                               intcode_body 000000
__Lintcodelo                                  intcodelo    00000E
__Lintentry                                   intentry     000000
__Lintret                                     intret       000000
__Lintsave_regs                               intsave_regs 000000
__Lirdata                                     irdata       000000
__Lmediumconst                                mediumconst  000000
__LnvFARRAM                                   nvFARRAM     000000
__Lnvbit                                      nvbit        000000
__Lnvrram                                     nvrram       000000
__Lparam                                      rparam       000000
__Lpowerup                                    powerup      00000E
__Lram                                        ram          000000
__Lramtop                                     ramtop       001000
__Lrbit                                       rbit         000000
__Lrbss                                       rbss         000000
__Lrdata                                      rdata        000000
__Lreset_vec                                  reset_vec    000000
__Lrparam                                     rparam       000000
__Lsfr                                        sfr          000000
__Lsmallconst                                 smallconst   001000
__Lspace_0                                    (abs)        000000
__Lspace_1                                    (abs)        000000
__Lspace_2                                    (abs)        000000
__Lspace_4                                    (abs)        000000
__Lstack                                      stack        000000
__Lstruct                                     struct       000000
__Ltemp                                       temp         00004E
__Ltext                                       text         000000
__Ltext0                                      text0        000000
__Ltext1                                      text1        000000
__Ltext10                                     text10       000000
__Ltext11                                     text11       000000
__Ltext12                                     text12       000000
__Ltext13                                     text13       000000
__Ltext14                                     text14       000000
__Ltext15                                     text15       000000
__Ltext2                                      text2        000000
__Ltext3                                      text3        000000
__Ltext5                                      text5        000000
__Ltext6                                      text6        000000
__Ltext7                                      text7        000000
__Ltext8                                      text8        000000
__Ltext9                                      text9        000000
__S0                                          (abs)        0013B6
__S1                                          (abs)        00004F
__S4                                          (abs)        000000
__S5                                          (abs)        000000
___heap_hi                                    (abs)        000000
___heap_lo                                    (abs)        000000
___inthi_sp                                   stack        000000
___inthi_stack_hi                             stack        000000
___inthi_stack_lo                             stack        000000
___intlo_sp                                   stack        000000
___intlo_stack_hi                             stack        000000
___intlo_stack_lo                             stack        000000
___param_bank                                 (abs)        000000
___rparam_used                                (abs)        000001
___sp                                         stack        000000
___stack_hi                                   stack        000000
___stack_lo                                   stack        000000
__accesstop                                   (abs)        000080
__activetblptr                                (abs)        000003
__end_of_Data_EEPROM_WriteByte                text3        00125A
__end_of_INT0_ISR                             text14       0013B4
__end_of_INT1_ISR                             text13       0013B0
__end_of_INT2_ISR                             text12       0013AC
__end_of_InterruptManager                     intcode_body 00112C
__end_of_RB4_ISR                              text8        001348
__end_of_RB5_ISR                              text7        00131A
__end_of_RB6_ISR                              text6        0012EC
__end_of_RB7_ISR                              text5        0012BE
__end_of__initialization                      cinit        001286
__end_of_app_init                             text1        0013A8
__end_of_btn_values                           smallconst   001011
__end_of_ecu_layer_initialize                 text2        0013B6
__end_of_gpio_pin_toggle_logic                text11       0011AE
__end_of_led_turn_toggle                      text10       001214
__end_of_main                                 text0        001372
__end_of_rb4_app_high_interrupt               text9        0013A2
__initialization                              cinit        00125A
__mediumconst                                 mediumconst  000000
__pbssCOMRAM                                  bssCOMRAM    000027
__pcinit                                      cinit        00125A
__pcstackCOMRAM                               cstackCOMRAM 00003C
__pdataCOMRAM                                 dataCOMRAM   000001
__pidataCOMRAM                                idataCOMRAM  001372
__pintcode                                    intcode      000008
__pintcode_body                               intcode_body 001016
__psmallconst                                 smallconst   001000
__ptext0                                      text0        001348
__ptext1                                      text1        0013A2
__ptext10                                     text10       0011AE
__ptext11                                     text11       00112C
__ptext12                                     text12       0013A8
__ptext13                                     text13       0013AC
__ptext14                                     text14       0013B0
__ptext15                                     text15       000000
__ptext2                                      text2        0013B4
__ptext3                                      text3        001214
__ptext5                                      text5        001290
__ptext6                                      text6        0012BE
__ptext7                                      text7        0012EC
__ptext8                                      text8        00131A
__ptext9                                      text9        001398
__ramtop                                      ramtop       001000
__smallconst                                  smallconst   001000
_app_init                                     text1        0013A2
_btn_values                                   smallconst   001001
_ecu_layer_initialize                         text2        0013B4
_gpio_pin_toggle_logic                        text11       00112C
_lat_registers                                dataCOMRAM   00000B
_ld1                                          dataCOMRAM   000026
_ld2                                          dataCOMRAM   000025
_ld3                                          dataCOMRAM   000024
_ld4                                          dataCOMRAM   000023
_led_turn_toggle                              text10       0011AE
_main                                         text0        001348
_port_registers                               dataCOMRAM   000001
_rb4_app_high_interrupt                       text9        001398
_rb4_ob                                       dataCOMRAM   00001F
_tris_registers                               dataCOMRAM   000015
btemp                                         temp         00004E
end_of_initialization                         cinit        001286
gpio_pin_toggle_logic@_pin_config             cstackCOMRAM 00003C
int$flags                                     temp         00004E
int_func                                      intcode_body 001016
intlevel0                                     text         000000
intlevel1                                     text         000000
intlevel2                                     text         000000
intlevel3                                     text         000000
isa$std                                       (abs)        000001
isa$xinst                                     (abs)        000000
led_initialize@F3058                          bssCOMRAM    00003B
led_turn_off@F3068                            bssCOMRAM    000039
led_turn_on@F3063                             bssCOMRAM    00003A
led_turn_toggle@F3073                         bssCOMRAM    000038
led_turn_toggle@led                           cstackCOMRAM 000041
led_turn_toggle@pin_obj                       cstackCOMRAM 000043
relay_initialize@F3052                        bssCOMRAM    000037
relay_turn_off@F3062                          bssCOMRAM    000035
relay_turn_on@F3057                           bssCOMRAM    000036
stackhi                                       (abs)        000000
stacklo                                       (abs)        000000
start                                         init         00000E
start_initialization                          cinit        00125A
ttemp5                                        temp         00004F
ttemp6                                        temp         000052
ttemp7                                        temp         000056
wtemp8                                        temp         00004F


MODULE INFORMATION

Module		Function		Class		Link	Load	Size
MCAL_Layer/EEPROM/eepropm.c
		_Data_EEPROM_WriteByte		CODE           	1214	0000	70

MCAL_Layer/EEPROM/eepropm.c estimated size: 70

appplication.c
		_main          		CODE           	1348	0000	42
		_app_init      		CODE           	13A2	0000	6
		_rb4_app_high_interrupt		CODE           	1398	0000	10

appplication.c estimated size: 58

MCAL_Layer/Interrupt/mcal_external_interrup.c
		_RB4_ISR       		CODE           	131A	0000	46
		_RB5_ISR       		CODE           	12EC	0000	46
		_RB6_ISR       		CODE           	12BE	0000	46
		_RB7_ISR       		CODE           	1290	0000	46
		_INT0_ISR      		CODE           	13B0	0000	4
		_INT1_ISR      		CODE           	13AC	0000	4
		_INT2_ISR      		CODE           	13A8	0000	4

MCAL_Layer/Interrupt/mcal_external_interrup.c estimated size: 196

shared
		_btn_values    		SMALLCONST     	1001	0000	16
		__initialization		CODE           	125A	0000	44

shared estimated size: 60

MCAL_Layer/Interrupt/mcal_interrupt_manager.c
		_InterruptManager		CODE           	0008	0000	284

MCAL_Layer/Interrupt/mcal_interrupt_manager.c estimated size: 284

MCAL_Layer/GPIO/hal_gpio.c
		_gpio_pin_toggle_logic		CODE           	112C	0000	130

MCAL_Layer/GPIO/hal_gpio.c estimated size: 130

ECU_Layer/LED/ecu_led.c
		_led_turn_toggle		CODE           	11AE	0000	102

ECU_Layer/LED/ecu_led.c estimated size: 102

ECU_Layer/ecu_layer_init.c
		_ecu_layer_initialize		CODE           	13B4	0000	2

ECU_Layer/ecu_layer_init.c estimated size: 2

