Microchip MPLAB XC8 Compiler V2.40

Linker command line:

-W-3 \
  --edf=C:\Program Files\Microchip\xc8\v2.40\pic\dat\20220703182018_en.msgs \
  -cn -h+dist/default/production\PIC18F4620_DRIVERS.production.sym \
  --cmf=dist/default/production\PIC18F4620_DRIVERS.production.cmf -z \
  -Q18F4620 -oC:\Users\ucf_26\AppData\Local\Temp\xcAs14vg.4 \
  --defsym=__MPLAB_BUILD=1 --fixupoverflow=error \
  -Mdist/default/production/PIC18F4620_DRIVERS.production.map \
  --md=C:\Users\ucf_26\AppData\Local\Temp\xcAs14vg.dat -E1 \
  -ver=XC8 Compiler --acfsm=1493 -ACODE=00h-0FFFFh -ACONST=00h-0FFFFh \
  -ASMALLCONST=01000h-010FFhx240 -AMEDIUMCONST=01000h-0FFFFh \
  -ACOMRAM=01h-07Fh -AABS1=00h-0F7Fh -ABIGRAM=01h-0F7Fh \
  -ARAM=080h-0FFh,0100h-01FFhx14,0F00h-0F7Fh -ABANK0=080h-0FFh \
  -ABANK1=0100h-01FFh -ABANK2=0200h-02FFh -ABANK3=0300h-03FFh \
  -ABANK4=0400h-04FFh -ABANK5=0500h-05FFh -ABANK6=0600h-06FFh \
  -ABANK7=0700h-07FFh -ABANK8=0800h-08FFh -ABANK9=0900h-09FFh \
  -ABANK10=0A00h-0AFFh -ABANK11=0B00h-0BFFh -ABANK12=0C00h-0CFFh \
  -ABANK13=0D00h-0DFFh -ABANK14=0E00h-0EFFh -ABANK15=0F00h-0F7Fh \
  -ASFR=0F80h-0FFFh -ABIGSFR=0F80h-0FFFh -ACONFIG=0300000h-030000Dh \
  -AIDLOC=0200000h-0200007h -AEEDATA=0F00000h-0F003FFh -peeprom_data=EEDATA \
  -preset_vec=00h,intcode=08h,intcodelo,powerup,init -pramtop=01000h \
  -psmallconst=SMALLCONST -pmediumconst=MEDIUMCONST -pconst=CONST \
  -AFARRAM=00h-00h \
  -prdata=COMRAM,nvrram=COMRAM,nvbit=COMRAM,rbss=COMRAM,rbit=COMRAM \
  -pfarbss=FARRAM,fardata=FARRAM,nvFARRAM=FARRAM \
  -pintsave_regs=BIGRAM,bigbss=BIGRAM,bigdata=BIGRAM -pbss=RAM \
  -pidata=CODE,irdata=CODE,ibigdata=CODE,ifardata=CODE -prparam=COMRAM \
  C:\Users\ucf_26\AppData\Local\Temp\xcAs14vg.o \
  dist/default/production\PIC18F4620_DRIVERS.production.o 

Object code version is 3.11

Machine type is 18F4620



                Name                               Link     Load   Length Selector   Space Scale
C:\Users\ucf_26\AppData\Local\Temp\xcAs14vg.o
                config                           300000   300000        E        0       4
                init                                  E        E        4        4       0
                reset_vec                             0        0        4        0       0
dist/default/production\PIC18F4620_DRIVERS.production.o
                intcode                               8        8        6        4       0
                config                           300000   300000        E        0       4
                temp                                 7D       7D        1        1       1
                smallconst                         1000     1000       16      800       0
                text17                             17FE     17FE        4      80B       0
                text16                             1802     1802        2      80B       0
                text15                             17FA     17FA        4      80B       0
                text14                             17F6     17F6        4      80B       0
                text13                             17F2     17F2        4      80B       0
                text12                             17EE     17EE        4      80B       0
                text11                             17C8     17C8       1A      80B       0
                text10                             17AE     17AE       1A      80B       0
                text9                              1794     1794       1A      80B       0
                text8                              177A     177A       1A      80B       0
                text7                              17E2     17E2        C      80B       0
                intcode_body                       1016     1016      306      80B       0
                text5                              1474     1474      144      80B       0
                text4                              1748     1748       32      80B       0
                text3                              163A     163A       62      80B       0
                text2                              131C     131C      158      80B       0
                text1                              16E0     16E0       36      80B       0
                text0                              15B8     15B8       82      80B       0
                cstackCOMRAM                         60       60       1D        1       1
                bssBANK0                             80       80        6       80       1
                dataCOMRAM                            1        1       32        1       1
                bssCOMRAM                            33       33       2D        1       1
                cinit                              169C     169C       44      80B       0
                idataCOMRAM                        1716     1716       32      80B       0

TOTAL           Name                               Link     Load   Length     Space
        CLASS   CODE           
                intcode                               8        8        6         0
                init                                  E        E        4         0
                reset_vec                             0        0        4         0
                text17                             17FE     17FE        4         0
                text16                             1802     1802        2         0
                text15                             17FA     17FA        4         0
                text14                             17F6     17F6        4         0
                text13                             17F2     17F2        4         0
                text12                             17EE     17EE        4         0
                text11                             17C8     17C8       1A         0
                text10                             17AE     17AE       1A         0
                text9                              1794     1794       1A         0
                text8                              177A     177A       1A         0
                text7                              17E2     17E2        C         0
                intcode_body                       1016     1016      306         0
                text5                              1474     1474      144         0
                text4                              1748     1748       32         0
                text3                              163A     163A       62         0
                text2                              131C     131C      158         0
                text1                              16E0     16E0       36         0
                text0                              15B8     15B8       82         0
                cinit                              169C     169C       44         0
                idataCOMRAM                        1716     1716       32         0

        CLASS   CONST          

        CLASS   SMALLCONST     
                smallconst                         1000     1000       16         0

        CLASS   MEDIUMCONST    

        CLASS   COMRAM         
                temp                                 7D       7D        1         1
                cstackCOMRAM                         60       60       1D         1
                dataCOMRAM                            1        1       32         1
                bssCOMRAM                            33       33       2D         1

        CLASS   ABS1           

        CLASS   BIGRAM         

        CLASS   RAM            

        CLASS   BANK0          
                bssBANK0                             80       80        6         1

        CLASS   BANK1          

        CLASS   BANK2          

        CLASS   BANK3          

        CLASS   BANK4          

        CLASS   BANK5          

        CLASS   BANK6          

        CLASS   BANK7          

        CLASS   BANK8          

        CLASS   BANK9          

        CLASS   BANK10         

        CLASS   BANK11         

        CLASS   BANK12         

        CLASS   BANK13         

        CLASS   BANK14         

        CLASS   BANK15         

        CLASS   SFR            

        CLASS   BIGSFR         

        CLASS   CONFIG         
                config                           300000   300000        E         4

        CLASS   IDLOC          

        CLASS   EEDATA         

        CLASS   FARRAM         

        CLASS   HEAP           

        CLASS   STACK          



SEGMENTS        Name                           Load    Length   Top    Selector   Space  Class

                reset_vec                      000000  000004  000004         0       0  CODE    
                dataCOMRAM                     000001  00007D  00007E         1       1  COMRAM  
                intcode                        000008  00000A  000012         4       0  CODE    
                bssBANK0                       000080  000006  000086        80       1  BANK0   
                smallconst                     001000  000016  001016       800       0  SMALLCON
                intcode_body                   001016  0007EE  001804       80B       0  CODE    


UNUSED ADDRESS RANGES

        Name                Unused          Largest block    Delta
        BANK0            000086-0000FF               7A
        BANK1            000100-0001FF              100
        BANK10           000A00-000AFF              100
        BANK11           000B00-000BFF              100
        BANK12           000C00-000CFF              100
        BANK13           000D00-000DFF              100
        BANK14           000E00-000EFF              100
        BANK15           000F00-000F7F               80
        BANK2            000200-0002FF              100
        BANK3            000300-0003FF              100
        BANK4            000400-0004FF              100
        BANK5            000500-0005FF              100
        BANK6            000600-0006FF              100
        BANK7            000700-0007FF              100
        BANK8            000800-0008FF              100
        BANK9            000900-0009FF              100
        BIGRAM           00007E-00007F                2
                         000086-000F7F              EFA
        BIGSFR           000F80-000FFF               80
        CODE             000004-000007                4
                         000012-000FFF              FEE
                         001804-00FFFF             E7FC
        COMRAM           00007E-00007F                2
        CONST            000004-000007                4
                         000012-000FFF              FEE
                         001804-00FFFF             E7FC
        EEDATA           F00000-F003FF              400
        IDLOC            200000-200007                8
        MEDIUMCONST      001804-00FFFF             E7FC
        RAM              000086-000F7F              100
        SFR              000F80-000FFF               80
        SMALLCONST       001804-00FFFF              100

                                  Symbol Table

MSSP_SPI_MASTER_MODE_GPIO_PIN_CONFIG@F3088    dataCOMRAM   00002A
MSSP_SPI_MASTER_MODE_GPIO_PIN_CONFIG@F3090    dataCOMRAM   000029
MSSP_SPI_MASTER_MODE_GPIO_PIN_CONFIG@F3092    dataCOMRAM   000028
MSSP_SPI_MASTER_MODE_GPIO_PIN_CONFIG@SPI_CLK  cstackCOMRAM 00006C
MSSP_SPI_MASTER_MODE_GPIO_PIN_CONFIG@SPI_SDI  cstackCOMRAM 00006B
MSSP_SPI_MASTER_MODE_GPIO_PIN_CONFIG@SPI_SDO  cstackCOMRAM 00006A
MSSP_SPI_SLAVE_MODE_GPIO_PIN_CONFIG@F3097     dataCOMRAM   000027
MSSP_SPI_SLAVE_MODE_GPIO_PIN_CONFIG@F3099     dataCOMRAM   000026
MSSP_SPI_SLAVE_MODE_GPIO_PIN_CONFIG@F3101     dataCOMRAM   000025
MSSP_SPI_SLAVE_MODE_GPIO_PIN_CONFIG@F3103     dataCOMRAM   000024
MSSP_SPI_SLAVE_MODE_GPIO_PIN_CONFIG@SPI_CLK   cstackCOMRAM 00006E
MSSP_SPI_SLAVE_MODE_GPIO_PIN_CONFIG@SPI_SDI   cstackCOMRAM 00006D
MSSP_SPI_SLAVE_MODE_GPIO_PIN_CONFIG@SPI_SDO   cstackCOMRAM 00006C
MSSP_SPI_SLAVE_MODE_GPIO_PIN_CONFIG@SPI_SS    cstackCOMRAM 00006F
MSSP_SPI_SLAVE_MODE_GPIO_PIN_CONFIG@_config   cstackCOMRAM 00006A
RB4_ISR@RB4_Source                            cstackCOMRAM 000060
RB5_ISR@RB5_Source                            cstackCOMRAM 000060
RB6_ISR@RB6_Source                            cstackCOMRAM 000060
RB7_ISR@RB7_Source                            cstackCOMRAM 000060
SPI_Init@_config                              cstackCOMRAM 000070
SPI_Init@ret                                  cstackCOMRAM 000073
SPI_Send_Byte@_config                         cstackCOMRAM 000061
SPI_Send_Byte@_data                           cstackCOMRAM 000063
SPI_Send_Byte@ret                             cstackCOMRAM 000064
_ADCON0bits                                   (abs)        000FC2
_ADCON1bits                                   (abs)        000FC1
_ADCON2bits                                   (abs)        000FC0
_ADC_ISR                                      text17       0017FE
_ADC_InterruptHandler                         bssCOMRAM    000057
_ADRESH                                       (abs)        000FC4
_ADRESL                                       (abs)        000FC3
_BAUDCONbits                                  (abs)        000FB8
_EEADR                                        (abs)        000FA9
_EEADRH                                       (abs)        000FAA
_EECON1bits                                   (abs)        000FA6
_EECON2                                       (abs)        000FA7
_EEDATA                                       (abs)        000FA8
_EUSART_FramingErrorHandler                   bssCOMRAM    000051
_EUSART_OverrunErrorHandler                   bssCOMRAM    00004F
_EUSART_RX_ISR                                text16       001802
_EUSART_RxInterruptHandler                    bssCOMRAM    000053
_EUSART_TX_ISR                                text15       0017FA
_EUSART_TxInterruptHandler                    bssCOMRAM    000055
_INT0_ISR                                     text14       0017F6
_INT0_InterruptHandler                        bssCOMRAM    00004D
_INT1_ISR                                     text13       0017F2
_INT1_InterruptHandler                        bssCOMRAM    00004B
_INT2_ISR                                     text12       0017EE
_INT2_InterruptHandler                        bssCOMRAM    000049
_INTCON2bits                                  (abs)        000FF1
_INTCON3bits                                  (abs)        000FF0
_INTCONbits                                   (abs)        000FF2
_InterruptManager                             intcode      000008
_LATA                                         (abs)        000F89
_LATB                                         (abs)        000F8A
_LATC                                         (abs)        000F8B
_LATD                                         (abs)        000F8C
_LATE                                         (abs)        000F8D
_MSSP_SPI_MASTER_MODE_GPIO_PIN_CONFIG         text4        001748
_MSSP_SPI_SLAVE_MODE_GPIO_PIN_CONFIG          text3        00163A
_PIE1bits                                     (abs)        000F9D
_PIR1bits                                     (abs)        000F9E
_PORTA                                        (abs)        000F80
_PORTB                                        (abs)        000F81
_PORTBbits                                    (abs)        000F81
_PORTC                                        (abs)        000F82
_PORTD                                        (abs)        000F83
_PORTE                                        (abs)        000F84
_RB4_Flag                                     dataCOMRAM   00002E
_RB4_ISR                                      text11       0017C8
_RB4_InterruptHandler_HIGH                    bssCOMRAM    000047
_RB4_InterruptHandler_LOW                     bssCOMRAM    000045
_RB5_Flag                                     dataCOMRAM   00002D
_RB5_ISR                                      text10       0017AE
_RB5_InterruptHandler_HIGH                    bssCOMRAM    000043
_RB5_InterruptHandler_LOW                     bssCOMRAM    000041
_RB6_Flag                                     dataCOMRAM   00002C
_RB6_ISR                                      text9        001794
_RB6_InterruptHandler_HIGH                    bssCOMRAM    00003F
_RB6_InterruptHandler_LOW                     bssCOMRAM    00003D
_RB7_Flag                                     dataCOMRAM   00002B
_RB7_ISR                                      text8        00177A
_RB7_InterruptHandler_HIGH                    bssCOMRAM    00003B
_RB7_InterruptHandler_LOW                     bssCOMRAM    000039
_RCREG                                        (abs)        000FAE
_RCSTAbits                                    (abs)        000FAB
_SPBRG                                        (abs)        000FAF
_SPBRGH                                       (abs)        000FB0
_SPI_Init                                     text2        00131C
_SPI_Send_Byte                                text1        0016E0
_SSPBUF                                       (abs)        000FC9
_SSPCON1bits                                  (abs)        000FC6
_SSPSTATbits                                  (abs)        000FC7
_T0CONbits                                    (abs)        000FD5
_TMR0H                                        (abs)        000FD7
_TMR0L                                        (abs)        000FD6
_TMR0_ISR                                     text7        0017E2
_TMR0_InterruptHandler                        bssCOMRAM    000037
_TRISA                                        (abs)        000F92
_TRISB                                        (abs)        000F93
_TRISC                                        (abs)        000F94
_TRISCbits                                    (abs)        000F94
_TRISD                                        (abs)        000F95
_TRISE                                        (abs)        000F96
_TXREG                                        (abs)        000FAD
_TXSTAbits                                    (abs)        000FAC
__HRAM                                        (abs)        000000
__Habs1                                       abs1         000000
__Hbank0                                      bank0        000000
__Hbank1                                      bank1        000000
__Hbank10                                     bank10       000000
__Hbank11                                     bank11       000000
__Hbank12                                     bank12       000000
__Hbank13                                     bank13       000000
__Hbank14                                     bank14       000000
__Hbank15                                     bank15       000000
__Hbank2                                      bank2        000000
__Hbank3                                      bank3        000000
__Hbank4                                      bank4        000000
__Hbank5                                      bank5        000000
__Hbank6                                      bank6        000000
__Hbank7                                      bank7        000000
__Hbank8                                      bank8        000000
__Hbank9                                      bank9        000000
__Hbigbss                                     bigbss       000000
__Hbigdata                                    bigdata      000000
__Hbigram                                     bigram       000000
__Hbigsfr                                     bigsfr       000000
__Hbss                                        bss          000000
__HbssBANK0                                   bssBANK0     000000
__HbssCOMRAM                                  bssCOMRAM    000000
__Hcinit                                      cinit        000000
__Hclrtext                                    clrtext      000000
__Hcomram                                     comram       000000
__Hconfig                                     config       30000E
__Hconst                                      const        000000
__HcstackCOMRAM                               cstackCOMRAM 000000
__Hdata                                       data         000000
__HdataCOMRAM                                 dataCOMRAM   000000
__Heeprom_data                                eeprom_data  000000
__Hfarbss                                     farbss       000000
__Hfardata                                    fardata      000000
__Hheap                                       heap         000000
__Hibigdata                                   ibigdata     000000
__Hidata                                      idata        000000
__HidataCOMRAM                                idataCOMRAM  000000
__Hidloc                                      idloc        000000
__Hifardata                                   ifardata     000000
__Hinit                                       init         000012
__Hintcode                                    intcode      00000E
__Hintcode_body                               intcode_body 000000
__Hintcodelo                                  intcodelo    00000E
__Hintentry                                   intentry     000000
__Hintret                                     intret       000000
__Hintsave_regs                               intsave_regs 000000
__Hirdata                                     irdata       000000
__Hmediumconst                                mediumconst  000000
__HnvFARRAM                                   nvFARRAM     000000
__Hnvbit                                      nvbit        000000
__Hnvrram                                     nvrram       000000
__Hparam                                      rparam       000000
__Hpowerup                                    powerup      00000E
__Hram                                        ram          000000
__Hramtop                                     ramtop       001000
__Hrbit                                       rbit         000000
__Hrbss                                       rbss         000000
__Hrdata                                      rdata        000000
__Hreset_vec                                  reset_vec    000004
__Hrparam                                     rparam       000000
__Hsfr                                        sfr          000000
__Hsmallconst                                 smallconst   001016
__Hspace_0                                    (abs)        001804
__Hspace_1                                    (abs)        000086
__Hspace_2                                    (abs)        000000
__Hspace_4                                    (abs)        60000E
__Hstack                                      stack        000000
__Hstruct                                     struct       000000
__Htemp                                       temp         00007E
__Htext                                       text         000000
__Htext0                                      text0        000000
__Htext1                                      text1        000000
__Htext10                                     text10       000000
__Htext11                                     text11       000000
__Htext12                                     text12       000000
__Htext13                                     text13       000000
__Htext14                                     text14       000000
__Htext15                                     text15       000000
__Htext16                                     text16       000000
__Htext17                                     text17       000000
__Htext2                                      text2        000000
__Htext3                                      text3        000000
__Htext4                                      text4        000000
__Htext5                                      text5        000000
__Htext7                                      text7        000000
__Htext8                                      text8        000000
__Htext9                                      text9        000000
__LRAM                                        (abs)        000001
__Labs1                                       abs1         000000
__Lbank0                                      bank0        000000
__Lbank1                                      bank1        000000
__Lbank10                                     bank10       000000
__Lbank11                                     bank11       000000
__Lbank12                                     bank12       000000
__Lbank13                                     bank13       000000
__Lbank14                                     bank14       000000
__Lbank15                                     bank15       000000
__Lbank2                                      bank2        000000
__Lbank3                                      bank3        000000
__Lbank4                                      bank4        000000
__Lbank5                                      bank5        000000
__Lbank6                                      bank6        000000
__Lbank7                                      bank7        000000
__Lbank8                                      bank8        000000
__Lbank9                                      bank9        000000
__Lbigbss                                     bigbss       000000
__Lbigdata                                    bigdata      000000
__Lbigram                                     bigram       000000
__Lbigsfr                                     bigsfr       000000
__Lbss                                        bss          000000
__LbssBANK0                                   bssBANK0     000000
__LbssCOMRAM                                  bssCOMRAM    000000
__Lcinit                                      cinit        000000
__Lclrtext                                    clrtext      000000
__Lcomram                                     comram       000000
__Lconfig                                     config       000000
__Lconst                                      const        000000
__LcstackCOMRAM                               cstackCOMRAM 000000
__Ldata                                       data         000000
__LdataCOMRAM                                 dataCOMRAM   000000
__Leeprom_data                                eeprom_data  000000
__Lfarbss                                     farbss       000000
__Lfardata                                    fardata      000000
__Lheap                                       heap         000000
__Libigdata                                   ibigdata     000000
__Lidata                                      idata        000000
__LidataCOMRAM                                idataCOMRAM  000000
__Lidloc                                      idloc        000000
__Lifardata                                   ifardata     000000
__Linit                                       init         00000E
__Lintcode                                    intcode      000008
__Lintcode_body                               intcode_body 000000
__Lintcodelo                                  intcodelo    00000E
__Lintentry                                   intentry     000000
__Lintret                                     intret       000000
__Lintsave_regs                               intsave_regs 000000
__Lirdata                                     irdata       000000
__Lmediumconst                                mediumconst  000000
__LnvFARRAM                                   nvFARRAM     000000
__Lnvbit                                      nvbit        000000
__Lnvrram                                     nvrram       000000
__Lparam                                      rparam       000000
__Lpowerup                                    powerup      00000E
__Lram                                        ram          000000
__Lramtop                                     ramtop       001000
__Lrbit                                       rbit         000000
__Lrbss                                       rbss         000000
__Lrdata                                      rdata        000000
__Lreset_vec                                  reset_vec    000000
__Lrparam                                     rparam       000000
__Lsfr                                        sfr          000000
__Lsmallconst                                 smallconst   001000
__Lspace_0                                    (abs)        000000
__Lspace_1                                    (abs)        000000
__Lspace_2                                    (abs)        000000
__Lspace_4                                    (abs)        000000
__Lstack                                      stack        000000
__Lstruct                                     struct       000000
__Ltemp                                       temp         00007D
__Ltext                                       text         000000
__Ltext0                                      text0        000000
__Ltext1                                      text1        000000
__Ltext10                                     text10       000000
__Ltext11                                     text11       000000
__Ltext12                                     text12       000000
__Ltext13                                     text13       000000
__Ltext14                                     text14       000000
__Ltext15                                     text15       000000
__Ltext16                                     text16       000000
__Ltext17                                     text17       000000
__Ltext2                                      text2        000000
__Ltext3                                      text3        000000
__Ltext4                                      text4        000000
__Ltext5                                      text5        000000
__Ltext7                                      text7        000000
__Ltext8                                      text8        000000
__Ltext9                                      text9        000000
__S0                                          (abs)        001804
__S1                                          (abs)        000086
__S4                                          (abs)        000000
__S5                                          (abs)        000000
___heap_hi                                    (abs)        000000
___heap_lo                                    (abs)        000000
___inthi_sp                                   stack        000000
___intlo_sp                                   stack        000000
___param_bank                                 (abs)        000000
___rparam_used                                (abs)        000001
___sp                                         stack        000000
__accesstop                                   (abs)        000080
__activetblptr                                (abs)        000003
__end_of_ADC_ISR                              text17       001802
__end_of_EUSART_RX_ISR                        text16       001804
__end_of_EUSART_TX_ISR                        text15       0017FE
__end_of_INT0_ISR                             text14       0017FA
__end_of_INT1_ISR                             text13       0017F6
__end_of_INT2_ISR                             text12       0017F2
__end_of_InterruptManager                     intcode_body 00131C
__end_of_MSSP_SPI_MASTER_MODE_GPIO_PIN_CONFIG text4        00177A
__end_of_MSSP_SPI_SLAVE_MODE_GPIO_PIN_CONFIG  text3        00169C
__end_of_RB4_ISR                              text11       0017E2
__end_of_RB5_ISR                              text10       0017C8
__end_of_RB6_ISR                              text9        0017AE
__end_of_RB7_ISR                              text8        001794
__end_of_SPI_Init                             text2        001474
__end_of_SPI_Send_Byte                        text1        001716
__end_of_TMR0_ISR                             text7        0017EE
__end_of__initialization                      cinit        0016D6
__end_of_btn_values                           smallconst   001011
__end_of_gpio_pin_direction_initialize        text5        0015B8
__end_of_main                                 text0        00163A
__initialization                              cinit        00169C
__mediumconst                                 mediumconst  000000
__pbssBANK0                                   bssBANK0     000080
__pbssCOMRAM                                  bssCOMRAM    000033
__pcinit                                      cinit        00169C
__pcstackCOMRAM                               cstackCOMRAM 000060
__pdataCOMRAM                                 dataCOMRAM   000001
__pidataCOMRAM                                idataCOMRAM  001716
__pintcode                                    intcode      000008
__pintcode_body                               intcode_body 001016
__psmallconst                                 smallconst   001000
__ptext0                                      text0        0015B8
__ptext1                                      text1        0016E0
__ptext10                                     text10       0017AE
__ptext11                                     text11       0017C8
__ptext12                                     text12       0017EE
__ptext13                                     text13       0017F2
__ptext14                                     text14       0017F6
__ptext15                                     text15       0017FA
__ptext16                                     text16       001802
__ptext17                                     text17       0017FE
__ptext2                                      text2        00131C
__ptext3                                      text3        00163A
__ptext4                                      text4        001748
__ptext5                                      text5        001474
__ptext7                                      text7        0017E2
__ptext8                                      text8        00177A
__ptext9                                      text9        001794
__ramtop                                      ramtop       001000
__smallconst                                  smallconst   001000
_gpio_pin_direction_initialize                text5        001474
_lat_registers                                dataCOMRAM   00000B
_main                                         text0        0015B8
_port_registers                               dataCOMRAM   000001
_spi_ob                                       dataCOMRAM   00002F
_timer0_preload                               bssCOMRAM    000035
_tris_registers                               dataCOMRAM   000015
btemp                                         temp         00007D
end_of_initialization                         cinit        0016D6
gpio_pin_direction_initialize@_pin_config     cstackCOMRAM 000061
gpio_pin_direction_initialize@ret             cstackCOMRAM 000069
int$flags                                     temp         00007D
int_func                                      intcode_body 001016
intlevel0                                     text         000000
intlevel1                                     text         000000
intlevel2                                     text         000000
intlevel3                                     text         000000
isa$std                                       (abs)        000001
isa$xinst                                     (abs)        000000
led_initialize@F3045                          bssCOMRAM    00005F
led_turn_off@F3055                            bssCOMRAM    00005D
led_turn_on@F3050                             bssCOMRAM    00005E
led_turn_toggle@F3060                         bssCOMRAM    00005C
main@F3342                                    dataCOMRAM   00001F
main@i                                        cstackCOMRAM 00007B
main@str                                      cstackCOMRAM 000076
relay_initialize@F3039                        bssCOMRAM    00005B
relay_turn_off@F3049                          bssCOMRAM    000059
relay_turn_on@F3044                           bssCOMRAM    00005A
stackhi                                       (abs)        000000
stacklo                                       (abs)        000000
start                                         init         00000E
start_initialization                          cinit        00169C
ttemp5                                        temp         00007E
ttemp6                                        temp         000081
ttemp7                                        temp         000085
wtemp8                                        temp         00007E


MODULE INFORMATION

Module		Function		Class		Link	Load	Size
MCAL_Layer/SPI/hal_spi.c
		_MSSP_SPI_SLAVE_MODE_GPIO_PIN_CONFIG		CODE           	163A	0000	98
		_MSSP_SPI_MASTER_MODE_GPIO_PIN_CONFIG		CODE           	1748	0000	50
		_SPI_Init      		CODE           	131C	0000	344
		_SPI_Send_Byte 		CODE           	16E0	0000	54

MCAL_Layer/SPI/hal_spi.c estimated size: 546

appplication.c
		_main          		CODE           	15B8	0000	130

appplication.c estimated size: 130

MCAL_Layer/Interrupt/mcal_external_interrup.c
		_RB4_ISR       		CODE           	17C8	0000	26
		_RB5_ISR       		CODE           	17AE	0000	26
		_RB6_ISR       		CODE           	1794	0000	26
		_RB7_ISR       		CODE           	177A	0000	26
		_INT0_ISR      		CODE           	17F6	0000	4
		_INT1_ISR      		CODE           	17F2	0000	4
		_INT2_ISR      		CODE           	17EE	0000	4

MCAL_Layer/Interrupt/mcal_external_interrup.c estimated size: 116

shared
		_btn_values    		SMALLCONST     	0000	0000	0
		__initialization		CODE           	169C	0000	58

shared estimated size: 58

MCAL_Layer/EUSART/hal_usart.c
		_EUSART_RX_ISR 		CODE           	1802	0000	2
		_EUSART_TX_ISR 		CODE           	17FA	0000	4

MCAL_Layer/EUSART/hal_usart.c estimated size: 6

MCAL_Layer/ADC/hal_adc.c
		_ADC_ISR       		CODE           	17FE	0000	4

MCAL_Layer/ADC/hal_adc.c estimated size: 4

MCAL_Layer/Interrupt/mcal_interrupt_manager.c
		_InterruptManager		CODE           	0008	0000	780

MCAL_Layer/Interrupt/mcal_interrupt_manager.c estimated size: 780

MCAL_Layer/GPIO/hal_gpio.c
		_gpio_pin_direction_initialize		CODE           	1474	0000	324

MCAL_Layer/GPIO/hal_gpio.c estimated size: 324

MCAL_Layer/Timer0/timer0.c
		_TMR0_ISR      		CODE           	17E2	0000	12

MCAL_Layer/Timer0/timer0.c estimated size: 12

