Microchip MPLAB XC8 Compiler V2.40

Linker command line:

-W-3 \
  --edf=C:\Program Files\Microchip\xc8\v2.40\pic\dat\20220703182018_en.msgs \
  -cn -h+dist/default/production\PIC18F4620_DRIVERS.production.sym \
  --cmf=dist/default/production\PIC18F4620_DRIVERS.production.cmf -z \
  -Q18F4620 -oC:\Users\ucf_26\AppData\Local\Temp\xcAs3i4.4 \
  --defsym=__MPLAB_BUILD=1 --fixupoverflow=error \
  -Mdist/default/production/PIC18F4620_DRIVERS.production.map \
  --md=C:\Users\ucf_26\AppData\Local\Temp\xcAs3i4.dat -E1 -ver=XC8 Compiler \
  --acfsm=1493 -ACODE=00h-0FFFFh -ACONST=00h-0FFFFh \
  -ASMALLCONST=01000h-010FFhx240 -AMEDIUMCONST=01000h-0FFFFh \
  -ACOMRAM=01h-07Fh -AABS1=00h-0F7Fh -ABIGRAM=01h-0F7Fh \
  -ARAM=080h-0FFh,0100h-01FFhx14,0F00h-0F7Fh -ABANK0=080h-0FFh \
  -ABANK1=0100h-01FFh -ABANK2=0200h-02FFh -ABANK3=0300h-03FFh \
  -ABANK4=0400h-04FFh -ABANK5=0500h-05FFh -ABANK6=0600h-06FFh \
  -ABANK7=0700h-07FFh -ABANK8=0800h-08FFh -ABANK9=0900h-09FFh \
  -ABANK10=0A00h-0AFFh -ABANK11=0B00h-0BFFh -ABANK12=0C00h-0CFFh \
  -ABANK13=0D00h-0DFFh -ABANK14=0E00h-0EFFh -ABANK15=0F00h-0F7Fh \
  -ASFR=0F80h-0FFFh -ABIGSFR=0F80h-0FFFh -ACONFIG=0300000h-030000Dh \
  -AIDLOC=0200000h-0200007h -AEEDATA=0F00000h-0F003FFh -peeprom_data=EEDATA \
  -preset_vec=00h,intcode=08h,intcodelo,powerup,init -pramtop=01000h \
  -psmallconst=SMALLCONST -pmediumconst=MEDIUMCONST -pconst=CONST \
  -AFARRAM=00h-00h \
  -prdata=COMRAM,nvrram=COMRAM,nvbit=COMRAM,rbss=COMRAM,rbit=COMRAM \
  -pfarbss=FARRAM,fardata=FARRAM,nvFARRAM=FARRAM \
  -pintsave_regs=BIGRAM,bigbss=BIGRAM,bigdata=BIGRAM -pbss=RAM \
  -pidata=CODE,irdata=CODE,ibigdata=CODE,ifardata=CODE -prparam=COMRAM \
  C:\Users\ucf_26\AppData\Local\Temp\xcAs3i4.o \
  dist/default/production\PIC18F4620_DRIVERS.production.o 

Object code version is 3.11

Machine type is 18F4620



                Name                               Link     Load   Length Selector   Space Scale
C:\Users\ucf_26\AppData\Local\Temp\xcAs3i4.o
                config                           300000   300000        E        0       4
                init                                  E        E        4        4       0
                reset_vec                             0        0        4        0       0
dist/default/production\PIC18F4620_DRIVERS.production.o
                intcode                               8        8        6        4       0
                config                           300000   300000        E        0       4
                temp                                 6C       6C        1        1       1
                smallconst                         1000     1000       18      800       0
                text30                             2B20     2B20        4     158A       0
                text29                             297A     297A       32      80C       0
                text28                             2A54     2A54       1C      80C       0
                text27                             29AC     29AC       30      80C       0
                text26                             2AF2     2AF2       10      80C       0
                text25                             29DC     29DC       2E      80C       0
                text24                             2B1C     2B1C        4     158A       0
                text23                             2B18     2B18        4     158A       0
                text22                             2B14     2B14        4     158A       0
                text21                             2AD8     2AD8       1A      80C       0
                text20                             2ABE     2ABE       1A      80C       0
                text19                             2AA4     2AA4       1A      80C       0
                text18                             2A8A     2A8A       1A      80C       0
                text17                             2B02     2B02        C      80C       0
                intcode_body                       1D50     1D50      326      80C       0
                text15                             2A70     2A70       1A      80C       0
                text14                             27AC     27AC       6E      80C       0
                text13                             222A     222A      144      80C       0
                text12                             236E     236E      12C      80C       0
                text11                             287C     287C       60      80C       0
                text10                             2730     2730       7C      80C       0
                text9                              25A0     25A0       DC      80C       0
                text8                              267C     267C       B4      80C       0
                text7                              14F6     14F6      4C0      80C       0
                text6                              19B6     19B6      39A      80C       0
                text5                              249A     249A      106      80C       0
                text4                              2076     2076      1B4      80C       0
                text3                              1018     1018      4DE      80C       0
                text2                              292C     292C       4E      80C       0
                text1                              28DC     28DC       50      80C       0
                text0                              2A0A     2A0A       2C      80C       0
                cstackCOMRAM                          1        1       4C        1       1
                cstackBANK0                          BE       BE       12       80       1
                dataBANK0                            A0       A0       1E       80       1
                bssBANK0                             80       80       20       80       1
                dataCOMRAM                           67       67        5        1       1
                bssCOMRAM                            4D       4D       1A        1       1
                cinit                              281A     281A       62      80C       0
                idataBANK0                         2A36     2A36       1E      80C       0
                idataCOMRAM                        2B0E     2B0E        5      80C       0

TOTAL           Name                               Link     Load   Length     Space
        CLASS   CODE           
                intcode                               8        8        6         0
                init                                  E        E        4         0
                reset_vec                             0        0        4         0
                text30                             2B20     2B20        4         0
                text29                             297A     297A       32         0
                text28                             2A54     2A54       1C         0
                text27                             29AC     29AC       30         0
                text26                             2AF2     2AF2       10         0
                text25                             29DC     29DC       2E         0
                text24                             2B1C     2B1C        4         0
                text23                             2B18     2B18        4         0
                text22                             2B14     2B14        4         0
                text21                             2AD8     2AD8       1A         0
                text20                             2ABE     2ABE       1A         0
                text19                             2AA4     2AA4       1A         0
                text18                             2A8A     2A8A       1A         0
                text17                             2B02     2B02        C         0
                intcode_body                       1D50     1D50      326         0
                text15                             2A70     2A70       1A         0
                text14                             27AC     27AC       6E         0
                text13                             222A     222A      144         0
                text12                             236E     236E      12C         0
                text11                             287C     287C       60         0
                text10                             2730     2730       7C         0
                text9                              25A0     25A0       DC         0
                text8                              267C     267C       B4         0
                text7                              14F6     14F6      4C0         0
                text6                              19B6     19B6      39A         0
                text5                              249A     249A      106         0
                text4                              2076     2076      1B4         0
                text3                              1018     1018      4DE         0
                text2                              292C     292C       4E         0
                text1                              28DC     28DC       50         0
                text0                              2A0A     2A0A       2C         0
                cinit                              281A     281A       62         0
                idataBANK0                         2A36     2A36       1E         0
                idataCOMRAM                        2B0E     2B0E        5         0

        CLASS   CONST          

        CLASS   SMALLCONST     
                smallconst                         1000     1000       18         0

        CLASS   MEDIUMCONST    

        CLASS   COMRAM         
                temp                                 6C       6C        1         1
                cstackCOMRAM                          1        1       4C         1
                dataCOMRAM                           67       67        5         1
                bssCOMRAM                            4D       4D       1A         1

        CLASS   ABS1           

        CLASS   BIGRAM         

        CLASS   RAM            

        CLASS   BANK0          
                cstackBANK0                          BE       BE       12         1
                dataBANK0                            A0       A0       1E         1
                bssBANK0                             80       80       20         1

        CLASS   BANK1          

        CLASS   BANK2          

        CLASS   BANK3          

        CLASS   BANK4          

        CLASS   BANK5          

        CLASS   BANK6          

        CLASS   BANK7          

        CLASS   BANK8          

        CLASS   BANK9          

        CLASS   BANK10         

        CLASS   BANK11         

        CLASS   BANK12         

        CLASS   BANK13         

        CLASS   BANK14         

        CLASS   BANK15         

        CLASS   SFR            

        CLASS   BIGSFR         

        CLASS   CONFIG         
                config                           300000   300000        E         4

        CLASS   IDLOC          

        CLASS   EEDATA         

        CLASS   FARRAM         

        CLASS   HEAP           

        CLASS   STACK          



SEGMENTS        Name                           Load    Length   Top    Selector   Space  Class

                reset_vec                      000000  000004  000004         0       0  CODE    
                cstackCOMRAM                   000001  00006C  00006D         1       1  COMRAM  
                intcode                        000008  00000A  000012         4       0  CODE    
                bssBANK0                       000080  000050  0000D0        80       1  BANK0   
                smallconst                     001000  000018  001018       800       0  SMALLCON
                text3                          001018  001AFB  002B13       80C       0  CODE    
                text22                         002B14  000010  002B24      158A       0  CODE    


UNUSED ADDRESS RANGES

        Name                Unused          Largest block    Delta
        BANK0            0000D0-0000FF               30
        BANK1            000100-0001FF              100
        BANK10           000A00-000AFF              100
        BANK11           000B00-000BFF              100
        BANK12           000C00-000CFF              100
        BANK13           000D00-000DFF              100
        BANK14           000E00-000EFF              100
        BANK15           000F00-000F7F               80
        BANK2            000200-0002FF              100
        BANK3            000300-0003FF              100
        BANK4            000400-0004FF              100
        BANK5            000500-0005FF              100
        BANK6            000600-0006FF              100
        BANK7            000700-0007FF              100
        BANK8            000800-0008FF              100
        BANK9            000900-0009FF              100
        BIGRAM           00006D-00007F               13
                         0000D0-000F7F              EB0
        BIGSFR           000F80-000FFF               80
        CODE             000004-000007                4
                         000012-000FFF              FEE
                         002B13-002B13                1
                         002B24-00FFFF             D4DC
        COMRAM           00006D-00007F               13
        CONST            000004-000007                4
                         000012-000FFF              FEE
                         002B13-002B13                1
                         002B24-00FFFF             D4DC
        EEDATA           F00000-F003FF              400
        IDLOC            200000-200007                8
        MEDIUMCONST      002B13-002B13                1
                         002B24-00FFFF             D4DC
        RAM              0000D0-000F7F              100
        SFR              000F80-000FFF               80
        SMALLCONST       002B13-002B13                1
                         002B24-00FFFF              100

                                  Symbol Table

?___fladd                                   cstackCOMRAM 00002E
?___fldiv                                   cstackCOMRAM 000015
?___fltol                                   cstackCOMRAM 000007
?___xxtofl                                  cstackCOMRAM 000007
EUSART_ASYNC_Init@_eusart                   cstackCOMRAM 00004A
EUSART_ASYNC_Init@ret                       cstackCOMRAM 00004C
EUSART_ASYNC_RX_Init@_eusart                cstackCOMRAM 000007
EUSART_ASYNC_ReadByteBlocking@_data         cstackCOMRAM 000001
EUSART_ASYNC_TX_Init@_eusart                cstackCOMRAM 000007
EUSART_ASYNC_WriteByteBlocking@_data        cstackCOMRAM 000007
EUSART_ASYNC_WriteStringBlocking@L_counter  cstackCOMRAM 00000F
EUSART_ASYNC_WriteStringBlocking@_data      cstackCOMRAM 000008
EUSART_ASYNC_WriteStringBlocking@ret        cstackCOMRAM 00000E
EUSART_ASYNC_WriteStringBlocking@str_len    cstackCOMRAM 00000A
EUSART_Baud_Rate_Calculation@Baud_Rate_Temp cstackCOMRAM 000042
EUSART_Baud_Rate_Calculation@_eusart        cstackCOMRAM 00003E
RB4_ISR@RB4_Source                          cstackCOMRAM 000001
RB5_ISR@RB5_Source                          cstackCOMRAM 000001
RB6_ISR@RB6_Source                          cstackCOMRAM 000001
RB7_ISR@RB7_Source                          cstackCOMRAM 000001
_ADCON0bits                                 (abs)        000FC2
_ADCON1bits                                 (abs)        000FC1
_ADCON2bits                                 (abs)        000FC0
_ADC_ISR                                    text30       002B20
_ADC_InterruptHandler                       bssCOMRAM    00005D
_ADRESH                                     (abs)        000FC4
_ADRESL                                     (abs)        000FC3
_BAUDCONbits                                (abs)        000FB8
_EEADR                                      (abs)        000FA9
_EEADRH                                     (abs)        000FAA
_EECON1bits                                 (abs)        000FA6
_EECON2                                     (abs)        000FA7
_EEDATA                                     (abs)        000FA8
_EUSART_ASYNC_Init                          text2        00292C
_EUSART_ASYNC_RX_Init                       text9        0025A0
_EUSART_ASYNC_ReadByteBlocking              text29       00297A
_EUSART_ASYNC_TX_Init                       text8        00267C
_EUSART_ASYNC_WriteByteBlocking             text15       002A70
_EUSART_ASYNC_WriteStringBlocking           text14       0027AC
_EUSART_Baud_Rate_Calculation               text3        001018
_EUSART_Baud_Rate_Calculation$3425          cstackCOMRAM 000046
_EUSART_FramingErrorHandler                 bssCOMRAM    000057
_EUSART_OverrunErrorHandler                 bssCOMRAM    000055
_EUSART_RX_ISR                              text27       0029AC
_EUSART_RxInterruptHandler                  bssCOMRAM    000059
_EUSART_TX_ISR                              text25       0029DC
_EUSART_TxInterruptHandler                  bssCOMRAM    00005B
_INT0_ISR                                   text24       002B1C
_INT0_InterruptHandler                      bssCOMRAM    000053
_INT1_ISR                                   text23       002B18
_INT1_InterruptHandler                      bssCOMRAM    000051
_INT2_ISR                                   text22       002B14
_INT2_InterruptHandler                      bssCOMRAM    00004F
_INTCON2bits                                (abs)        000FF1
_INTCON3bits                                (abs)        000FF0
_INTCONbits                                 (abs)        000FF2
_InterruptManager                           intcode      000008
_LATA                                       (abs)        000F89
_LATB                                       (abs)        000F8A
_LATC                                       (abs)        000F8B
_LATD                                       (abs)        000F8C
_LATE                                       (abs)        000F8D
_PIE1bits                                   (abs)        000F9D
_PIR1bits                                   (abs)        000F9E
_PORTA                                      (abs)        000F80
_PORTB                                      (abs)        000F81
_PORTBbits                                  (abs)        000F81
_PORTC                                      (abs)        000F82
_PORTD                                      (abs)        000F83
_PORTE                                      (abs)        000F84
_RB4_Flag                                   dataCOMRAM   00006A
_RB4_ISR                                    text21       002AD8
_RB4_InterruptHandler_HIGH                  bssBANK0     00009E
_RB4_InterruptHandler_LOW                   bssBANK0     00009C
_RB5_Flag                                   dataCOMRAM   000069
_RB5_ISR                                    text20       002ABE
_RB5_InterruptHandler_HIGH                  bssBANK0     00009A
_RB5_InterruptHandler_LOW                   bssBANK0     000098
_RB6_Flag                                   dataCOMRAM   000068
_RB6_ISR                                    text19       002AA4
_RB6_InterruptHandler_HIGH                  bssBANK0     000096
_RB6_InterruptHandler_LOW                   bssBANK0     000094
_RB7_Flag                                   dataCOMRAM   000067
_RB7_ISR                                    text18       002A8A
_RB7_InterruptHandler_HIGH                  bssBANK0     000092
_RB7_InterruptHandler_LOW                   bssBANK0     000090
_RCREG                                      (abs)        000FAE
_RCSTAbits                                  (abs)        000FAB
_SPBRG                                      (abs)        000FAF
_SPBRGH                                     (abs)        000FB0
_T0CONbits                                  (abs)        000FD5
_TMR0H                                      (abs)        000FD7
_TMR0L                                      (abs)        000FD6
_TMR0_ISR                                   text17       002B02
_TMR0_InterruptHandler                      bssBANK0     00008E
_TRISA                                      (abs)        000F92
_TRISB                                      (abs)        000F93
_TRISC                                      (abs)        000F94
_TRISCbits                                  (abs)        000F94
_TRISD                                      (abs)        000F95
_TRISE                                      (abs)        000F96
_TXREG                                      (abs)        000FAD
_TXSTAbits                                  (abs)        000FAC
__HRAM                                      (abs)        000000
__Habs1                                     abs1         000000
__Hbank0                                    bank0        000000
__Hbank1                                    bank1        000000
__Hbank10                                   bank10       000000
__Hbank11                                   bank11       000000
__Hbank12                                   bank12       000000
__Hbank13                                   bank13       000000
__Hbank14                                   bank14       000000
__Hbank15                                   bank15       000000
__Hbank2                                    bank2        000000
__Hbank3                                    bank3        000000
__Hbank4                                    bank4        000000
__Hbank5                                    bank5        000000
__Hbank6                                    bank6        000000
__Hbank7                                    bank7        000000
__Hbank8                                    bank8        000000
__Hbank9                                    bank9        000000
__Hbigbss                                   bigbss       000000
__Hbigdata                                  bigdata      000000
__Hbigram                                   bigram       000000
__Hbigsfr                                   bigsfr       000000
__Hbss                                      bss          000000
__HbssBANK0                                 bssBANK0     000000
__HbssCOMRAM                                bssCOMRAM    000000
__Hcinit                                    cinit        000000
__Hclrtext                                  clrtext      000000
__Hcomram                                   comram       000000
__Hconfig                                   config       30000E
__Hconst                                    const        000000
__HcstackBANK0                              cstackBANK0  000000
__HcstackCOMRAM                             cstackCOMRAM 000000
__Hdata                                     data         000000
__HdataBANK0                                dataBANK0    000000
__HdataCOMRAM                               dataCOMRAM   000000
__Heeprom_data                              eeprom_data  000000
__Hfarbss                                   farbss       000000
__Hfardata                                  fardata      000000
__Hheap                                     heap         000000
__Hibigdata                                 ibigdata     000000
__Hidata                                    idata        000000
__HidataBANK0                               idataBANK0   000000
__HidataCOMRAM                              idataCOMRAM  000000
__Hidloc                                    idloc        000000
__Hifardata                                 ifardata     000000
__Hinit                                     init         000012
__Hintcode                                  intcode      00000E
__Hintcode_body                             intcode_body 000000
__Hintcodelo                                intcodelo    00000E
__Hintentry                                 intentry     000000
__Hintret                                   intret       000000
__Hintsave_regs                             intsave_regs 000000
__Hirdata                                   irdata       000000
__Hmediumconst                              mediumconst  000000
__HnvFARRAM                                 nvFARRAM     000000
__Hnvbit                                    nvbit        000000
__Hnvrram                                   nvrram       000000
__Hparam                                    rparam       000000
__Hpowerup                                  powerup      00000E
__Hram                                      ram          000000
__Hramtop                                   ramtop       001000
__Hrbit                                     rbit         000000
__Hrbss                                     rbss         000000
__Hrdata                                    rdata        000000
__Hreset_vec                                reset_vec    000004
__Hrparam                                   rparam       000000
__Hsfr                                      sfr          000000
__Hsmallconst                               smallconst   001018
__Hspace_0                                  (abs)        002B24
__Hspace_1                                  (abs)        0000D0
__Hspace_2                                  (abs)        000000
__Hspace_4                                  (abs)        60000E
__Hstack                                    stack        000000
__Hstruct                                   struct       000000
__Htemp                                     temp         00006D
__Htext                                     text         000000
__Htext0                                    text0        000000
__Htext1                                    text1        000000
__Htext10                                   text10       000000
__Htext11                                   text11       000000
__Htext12                                   text12       000000
__Htext13                                   text13       000000
__Htext14                                   text14       000000
__Htext15                                   text15       000000
__Htext17                                   text17       000000
__Htext18                                   text18       000000
__Htext19                                   text19       000000
__Htext2                                    text2        000000
__Htext20                                   text20       000000
__Htext21                                   text21       000000
__Htext22                                   text22       000000
__Htext23                                   text23       000000
__Htext24                                   text24       000000
__Htext25                                   text25       000000
__Htext26                                   text26       000000
__Htext27                                   text27       000000
__Htext28                                   text28       000000
__Htext29                                   text29       000000
__Htext3                                    text3        000000
__Htext30                                   text30       000000
__Htext31                                   text31       000000
__Htext4                                    text4        000000
__Htext5                                    text5        000000
__Htext6                                    text6        000000
__Htext7                                    text7        000000
__Htext8                                    text8        000000
__Htext9                                    text9        000000
__LRAM                                      (abs)        000001
__Labs1                                     abs1         000000
__Lbank0                                    bank0        000000
__Lbank1                                    bank1        000000
__Lbank10                                   bank10       000000
__Lbank11                                   bank11       000000
__Lbank12                                   bank12       000000
__Lbank13                                   bank13       000000
__Lbank14                                   bank14       000000
__Lbank15                                   bank15       000000
__Lbank2                                    bank2        000000
__Lbank3                                    bank3        000000
__Lbank4                                    bank4        000000
__Lbank5                                    bank5        000000
__Lbank6                                    bank6        000000
__Lbank7                                    bank7        000000
__Lbank8                                    bank8        000000
__Lbank9                                    bank9        000000
__Lbigbss                                   bigbss       000000
__Lbigdata                                  bigdata      000000
__Lbigram                                   bigram       000000
__Lbigsfr                                   bigsfr       000000
__Lbss                                      bss          000000
__LbssBANK0                                 bssBANK0     000000
__LbssCOMRAM                                bssCOMRAM    000000
__Lcinit                                    cinit        000000
__Lclrtext                                  clrtext      000000
__Lcomram                                   comram       000000
__Lconfig                                   config       000000
__Lconst                                    const        000000
__LcstackBANK0                              cstackBANK0  000000
__LcstackCOMRAM                             cstackCOMRAM 000000
__Ldata                                     data         000000
__LdataBANK0                                dataBANK0    000000
__LdataCOMRAM                               dataCOMRAM   000000
__Leeprom_data                              eeprom_data  000000
__Lfarbss                                   farbss       000000
__Lfardata                                  fardata      000000
__Lheap                                     heap         000000
__Libigdata                                 ibigdata     000000
__Lidata                                    idata        000000
__LidataBANK0                               idataBANK0   000000
__LidataCOMRAM                              idataCOMRAM  000000
__Lidloc                                    idloc        000000
__Lifardata                                 ifardata     000000
__Linit                                     init         00000E
__Lintcode                                  intcode      000008
__Lintcode_body                             intcode_body 000000
__Lintcodelo                                intcodelo    00000E
__Lintentry                                 intentry     000000
__Lintret                                   intret       000000
__Lintsave_regs                             intsave_regs 000000
__Lirdata                                   irdata       000000
__Lmediumconst                              mediumconst  000000
__LnvFARRAM                                 nvFARRAM     000000
__Lnvbit                                    nvbit        000000
__Lnvrram                                   nvrram       000000
__Lparam                                    rparam       000000
__Lpowerup                                  powerup      00000E
__Lram                                      ram          000000
__Lramtop                                   ramtop       001000
__Lrbit                                     rbit         000000
__Lrbss                                     rbss         000000
__Lrdata                                    rdata        000000
__Lreset_vec                                reset_vec    000000
__Lrparam                                   rparam       000000
__Lsfr                                      sfr          000000
__Lsmallconst                               smallconst   001000
__Lspace_0                                  (abs)        000000
__Lspace_1                                  (abs)        000000
__Lspace_2                                  (abs)        000000
__Lspace_4                                  (abs)        000000
__Lstack                                    stack        000000
__Lstruct                                   struct       000000
__Ltemp                                     temp         00006C
__Ltext                                     text         000000
__Ltext0                                    text0        000000
__Ltext1                                    text1        000000
__Ltext10                                   text10       000000
__Ltext11                                   text11       000000
__Ltext12                                   text12       000000
__Ltext13                                   text13       000000
__Ltext14                                   text14       000000
__Ltext15                                   text15       000000
__Ltext17                                   text17       000000
__Ltext18                                   text18       000000
__Ltext19                                   text19       000000
__Ltext2                                    text2        000000
__Ltext20                                   text20       000000
__Ltext21                                   text21       000000
__Ltext22                                   text22       000000
__Ltext23                                   text23       000000
__Ltext24                                   text24       000000
__Ltext25                                   text25       000000
__Ltext26                                   text26       000000
__Ltext27                                   text27       000000
__Ltext28                                   text28       000000
__Ltext29                                   text29       000000
__Ltext3                                    text3        000000
__Ltext30                                   text30       000000
__Ltext31                                   text31       000000
__Ltext4                                    text4        000000
__Ltext5                                    text5        000000
__Ltext6                                    text6        000000
__Ltext7                                    text7        000000
__Ltext8                                    text8        000000
__Ltext9                                    text9        000000
__S0                                        (abs)        002B24
__S1                                        (abs)        0000D0
__S4                                        (abs)        000000
__S5                                        (abs)        000000
___fladd                                    text7        0014F6
___fladd@a                                  cstackCOMRAM 000032
___fladd@aexp                               cstackCOMRAM 00003B
___fladd@b                                  cstackCOMRAM 00002E
___fladd@bexp                               cstackCOMRAM 00003C
___fladd@grs                                cstackCOMRAM 00003D
___fladd@signs                              cstackCOMRAM 00003A
___fldiv                                    text6        0019B6
___fldiv@a                                  cstackCOMRAM 000019
___fldiv@aexp                               cstackCOMRAM 00002D
___fldiv@b                                  cstackCOMRAM 000015
___fldiv@bexp                               cstackCOMRAM 00002C
___fldiv@grs                                cstackCOMRAM 000028
___fldiv@new_exp                            cstackCOMRAM 000026
___fldiv@rem                                cstackCOMRAM 000021
___fldiv@sign                               cstackCOMRAM 000025
___fltol                                    text5        00249A
___fltol@exp1                               cstackCOMRAM 000010
___fltol@f1                                 cstackCOMRAM 000007
___fltol@sign1                              cstackCOMRAM 00000F
___heap_hi                                  (abs)        000000
___heap_lo                                  (abs)        000000
___inthi_sp                                 stack        000000
___intlo_sp                                 stack        000000
___param_bank                               (abs)        000000
___rparam_used                              (abs)        000001
___sp                                       stack        000000
___xxtofl                                   text4        002076
___xxtofl@arg                               cstackCOMRAM 000011
___xxtofl@exp                               cstackCOMRAM 000010
___xxtofl@sign                              cstackCOMRAM 00000F
___xxtofl@val                               cstackCOMRAM 000007
__accesstop                                 (abs)        000080
__activetblptr                              (abs)        000003
__end_of_ADC_ISR                            text30       002B24
__end_of_EUSART_ASYNC_Init                  text2        00297A
__end_of_EUSART_ASYNC_RX_Init               text9        00267C
__end_of_EUSART_ASYNC_ReadByteBlocking      text29       0029AC
__end_of_EUSART_ASYNC_TX_Init               text8        002730
__end_of_EUSART_ASYNC_WriteByteBlocking     text15       002A8A
__end_of_EUSART_ASYNC_WriteStringBlocking   text14       00281A
__end_of_EUSART_Baud_Rate_Calculation       text3        0014F6
__end_of_EUSART_RX_ISR                      text27       0029DC
__end_of_EUSART_TX_ISR                      text25       002A0A
__end_of_INT0_ISR                           text24       002B20
__end_of_INT1_ISR                           text23       002B1C
__end_of_INT2_ISR                           text22       002B18
__end_of_InterruptManager                   intcode_body 002076
__end_of_RB4_ISR                            text21       002AF2
__end_of_RB5_ISR                            text20       002AD8
__end_of_RB6_ISR                            text19       002ABE
__end_of_RB7_ISR                            text18       002AA4
__end_of_TMR0_ISR                           text17       002B0E
__end_of___fladd                            text7        0019B6
__end_of___fldiv                            text6        001D50
__end_of___fltol                            text5        0025A0
__end_of___xxtofl                           text4        00222A
__end_of__initialization                    cinit        002872
__end_of_btn_values                         smallconst   001011
__end_of_gpio_pin_direction_initialize      text13       00236E
__end_of_gpio_pin_initialize                text11       0028DC
__end_of_gpio_pin_write_logic               text12       00249A
__end_of_led_initialize                     text10       0027AC
__end_of_main                               text0        002A36
__end_of_rx_isr                             text28       002A70
__end_of_tx_isr                             text26       002B02
__end_of_usart_interrupt_init               text1        00292C
__initialization                            cinit        00281A
__mediumconst                               mediumconst  000000
__pbssBANK0                                 bssBANK0     000080
__pbssCOMRAM                                bssCOMRAM    00004D
__pcinit                                    cinit        00281A
__pcstackBANK0                              cstackBANK0  0000BE
__pcstackCOMRAM                             cstackCOMRAM 000001
__pdataBANK0                                dataBANK0    0000A0
__pdataCOMRAM                               dataCOMRAM   000067
__pidataBANK0                               idataBANK0   002A36
__pidataCOMRAM                              idataCOMRAM  002B0E
__pintcode                                  intcode      000008
__pintcode_body                             intcode_body 001D50
__psmallconst                               smallconst   001000
__ptext0                                    text0        002A0A
__ptext1                                    text1        0028DC
__ptext10                                   text10       002730
__ptext11                                   text11       00287C
__ptext12                                   text12       00236E
__ptext13                                   text13       00222A
__ptext14                                   text14       0027AC
__ptext15                                   text15       002A70
__ptext17                                   text17       002B02
__ptext18                                   text18       002A8A
__ptext19                                   text19       002AA4
__ptext2                                    text2        00292C
__ptext20                                   text20       002ABE
__ptext21                                   text21       002AD8
__ptext22                                   text22       002B14
__ptext23                                   text23       002B18
__ptext24                                   text24       002B1C
__ptext25                                   text25       0029DC
__ptext26                                   text26       002AF2
__ptext27                                   text27       0029AC
__ptext28                                   text28       002A54
__ptext29                                   text29       00297A
__ptext3                                    text3        001018
__ptext30                                   text30       002B20
__ptext31                                   text31       000000
__ptext4                                    text4        002076
__ptext5                                    text5        00249A
__ptext6                                    text6        0019B6
__ptext7                                    text7        0014F6
__ptext8                                    text8        00267C
__ptext9                                    text9        0025A0
__ramtop                                    ramtop       001000
__smallconst                                smallconst   001000
_gpio_pin_direction_initialize              text13       00222A
_gpio_pin_initialize                        text11       00287C
_gpio_pin_write_logic                       text12       00236E
_lat_registers                              dataBANK0    0000AA
_led1                                       dataCOMRAM   00006B
_led_initialize                             text10       002730
_main                                       text0        002A0A
_port_registers                             dataBANK0    0000A0
_rec_data                                   bssCOMRAM    000066
_rx_isr                                     text28       002A54
_timer0_preload                             bssCOMRAM    00004D
_tris_registers                             dataBANK0    0000B4
_tx_isr                                     text26       002AF2
_usart_interrupt_init                       text1        0028DC
_val_rx                                     bssBANK0     00008A
_val_tx                                     bssBANK0     000086
btemp                                       temp         00006C
end_of_initialization                       cinit        002872
gpio_pin_direction_initialize@_pin_config   cstackCOMRAM 000007
gpio_pin_direction_initialize@ret           cstackCOMRAM 00000F
gpio_pin_initialize@_pin_config             cstackCOMRAM 000011
gpio_pin_initialize@ret                     cstackCOMRAM 000014
gpio_pin_write_logic@_pin_config            cstackCOMRAM 000007
gpio_pin_write_logic@logic                  cstackCOMRAM 000009
gpio_pin_write_logic@ret                    cstackCOMRAM 000010
int$flags                                   temp         00006C
int_func                                    intcode_body 001D50
intlevel0                                   text         000000
intlevel1                                   text         000000
intlevel2                                   text         000000
intlevel3                                   text         000000
isa$std                                     (abs)        000001
isa$xinst                                   (abs)        000000
led_initialize@F3045                        bssCOMRAM    000065
led_initialize@led                          cstackCOMRAM 000015
led_initialize@pin_obj                      cstackCOMRAM 000019
led_initialize@ret                          cstackCOMRAM 000018
led_turn_off@F3055                          bssCOMRAM    000063
led_turn_on@F3050                           bssCOMRAM    000064
led_turn_toggle@F3060                       bssCOMRAM    000062
relay_initialize@F3039                      bssCOMRAM    000061
relay_turn_off@F3049                        bssCOMRAM    00005F
relay_turn_on@F3044                         bssCOMRAM    000060
stackhi                                     (abs)        000000
stacklo                                     (abs)        000000
start                                       init         00000E
start_initialization                        cinit        00281A
ttemp5                                      temp         00006D
ttemp6                                      temp         000070
ttemp7                                      temp         000074
usart_interrupt_init@usart_obj              cstackBANK0  0000BE
wtemp8                                      temp         00006D


MODULE INFORMATION

Module		Function		Class		Link	Load	Size
C:\Program Files\Microchip\xc8\v2.40\pic\sources\c99\common\sprcdiv.c
		___fldiv       		CODE           	19B6	0000	922

C:\Program Files\Microchip\xc8\v2.40\pic\sources\c99\common\sprcdiv.c estimated size: 922

C:\Program Files\Microchip\xc8\v2.40\pic\sources\c99\common\fltol.c
		___fltol       		CODE           	249A	0000	262

C:\Program Files\Microchip\xc8\v2.40\pic\sources\c99\common\fltol.c estimated size: 262

C:\Program Files\Microchip\xc8\v2.40\pic\sources\c99\common\sprcadd.c
		___fladd       		CODE           	14F6	0000	1216

C:\Program Files\Microchip\xc8\v2.40\pic\sources\c99\common\sprcadd.c estimated size: 1216

C:\Program Files\Microchip\xc8\v2.40\pic\sources\c99\common\xxtofl.c
		___xxtofl      		CODE           	2076	0000	436

C:\Program Files\Microchip\xc8\v2.40\pic\sources\c99\common\xxtofl.c estimated size: 436

appplication.c
		_tx_isr        		CODE           	2AF2	0000	16
		_main          		CODE           	2A0A	0000	44
		_usart_interrupt_init		CODE           	28DC	0000	80
		_rx_isr        		CODE           	2A54	0000	28

appplication.c estimated size: 168

MCAL_Layer/Interrupt/mcal_external_interrup.c
		_RB4_ISR       		CODE           	2AD8	0000	26
		_RB5_ISR       		CODE           	2ABE	0000	26
		_RB6_ISR       		CODE           	2AA4	0000	26
		_RB7_ISR       		CODE           	2A8A	0000	26
		_INT0_ISR      		CODE           	2B1C	0000	4
		_INT1_ISR      		CODE           	2B18	0000	4
		_INT2_ISR      		CODE           	2B14	0000	4

MCAL_Layer/Interrupt/mcal_external_interrup.c estimated size: 116

shared
		_btn_values    		SMALLCONST     	0000	0000	0
		__initialization		CODE           	281A	0000	88

shared estimated size: 88

MCAL_Layer/EUSART/hal_usart.c
		_EUSART_RX_ISR 		CODE           	29AC	0000	48
		_EUSART_TX_ISR 		CODE           	29DC	0000	46
		_EUSART_ASYNC_WriteByteBlocking		CODE           	2A70	0000	26
		_EUSART_ASYNC_ReadByteBlocking		CODE           	297A	0000	50
		_EUSART_ASYNC_Init		CODE           	292C	0000	78
		_EUSART_ASYNC_WriteStringBlocking		CODE           	27AC	0000	110
		_EUSART_ASYNC_RX_Init		CODE           	25A0	0000	220
		_EUSART_ASYNC_TX_Init		CODE           	267C	0000	180
		_EUSART_Baud_Rate_Calculation		CODE           	1018	0000	1246

MCAL_Layer/EUSART/hal_usart.c estimated size: 2004

MCAL_Layer/ADC/hal_adc.c
		_ADC_ISR       		CODE           	2B20	0000	4

MCAL_Layer/ADC/hal_adc.c estimated size: 4

MCAL_Layer/Interrupt/mcal_interrupt_manager.c
		_InterruptManager		CODE           	0008	0000	812

MCAL_Layer/Interrupt/mcal_interrupt_manager.c estimated size: 812

MCAL_Layer/GPIO/hal_gpio.c
		_gpio_pin_write_logic		CODE           	236E	0000	300
		_gpio_pin_direction_initialize		CODE           	222A	0000	324
		_gpio_pin_initialize		CODE           	287C	0000	96

MCAL_Layer/GPIO/hal_gpio.c estimated size: 720

ECU_Layer/LED/ecu_led.c
		_led_initialize		CODE           	2730	0000	124

ECU_Layer/LED/ecu_led.c estimated size: 124

MCAL_Layer/Timer0/timer0.c
		_TMR0_ISR      		CODE           	2B02	0000	12

MCAL_Layer/Timer0/timer0.c estimated size: 12

